// Jest Snapshot v1, https://goo.gl/fbAQLP

exports[`Display corresponding promotional code. Correctly render detail of promotional code 1`] = `
<View
  style={
    Object {
      "alignItems": "center",
      "marginTop": 30,
      "textAlign": "center",
    }
  }
>
  <Text
    style={
      Object {
        "backgroundColor": "#000",
        "color": "#FFF",
        "fontSize": 38,
        "marginBottom": 18,
        "padding": 10,
        "textAlign": "center",
        "width": 200,
      }
    }
  >
    ETE2020
  </Text>
  <Text
    style={
      Object {
        "color": "#38B6FF",
        "marginBottom": 80,
      }
    }
  >
    À partir du 24/04/2021 Jusqu'au 30/05/2021
  </Text>
  <Text
    style={
      Object {
        "fontSize": 16,
        "marginBottom": 20,
        "textTransform": "uppercase",
      }
    }
  >
    Promotion été 2020
  </Text>
  <Text
    style={
      Object {
        "color": "#737373",
        "paddingLeft": 40,
        "paddingRight": 40,
        "textAlign": "justify",
      }
    }
  >
    Bénéficier de 20% sur vos achats cet été
  </Text>
  <View
    style={
      Object {
        "backgroundColor": "#38B6FF",
        "borderRadius": 50,
        "marginRight": 250,
        "marginTop": 275,
      }
    }
  >
    <View
      accessibilityRole="button"
      accessibilityState={
        Object {
          "disabled": undefined,
        }
      }
      accessible={true}
      focusable={true}
      hitSlop={
        Object {
          "bottom": 6,
          "left": 6,
          "right": 6,
          "top": 6,
        }
      }
      onClick={[Function]}
      onResponderGrant={[Function]}
      onResponderMove={[Function]}
      onResponderRelease={[Function]}
      onResponderTerminate={[Function]}
      onResponderTerminationRequest={[Function]}
      onStartShouldSetResponder={[Function]}
      style={
        Array [
          Object {
            "overflow": "hidden",
          },
          Array [
            Object {
              "alignItems": "center",
              "justifyContent": "center",
              "margin": 6,
              "overflow": "hidden",
            },
            Object {
              "borderRadius": 26.25,
              "height": 52.5,
              "width": 52.5,
            },
            undefined,
            undefined,
          ],
        ]
      }
    >
      <View>
        <Text />
      </View>
    </View>
  </View>
</View>
`;
