// Jest Snapshot v1, https://goo.gl/fbAQLP

exports[`Testing PromotionalCode Component Correct render of component 1`] = `
<View
  style={
    Object {
      "alignItems": "center",
      "flexDirection": "row",
      "marginBottom": 10,
      "textAlign": "left",
    }
  }
>
  <Text
    style={
      Object {
        "backgroundColor": "#000",
        "color": "#ffffff",
        "padding": 2,
        "textAlign": "center",
        "width": 80,
      }
    }
  >
    ETE2020
  </Text>
  <Text
    style={
      Object {
        "marginLeft": 10,
        "textAlign": "left",
        "width": 150,
      }
    }
  >
    Promotion été 2020
  </Text>
  <View
    accessibilityRole="button"
    accessibilityState={
      Object {
        "disabled": undefined,
      }
    }
    accessible={true}
    focusable={true}
    hitSlop={
      Object {
        "bottom": 6,
        "left": 6,
        "right": 6,
        "top": 6,
      }
    }
    onClick={[Function]}
    onResponderGrant={[Function]}
    onResponderMove={[Function]}
    onResponderRelease={[Function]}
    onResponderTerminate={[Function]}
    onResponderTerminationRequest={[Function]}
    onStartShouldSetResponder={[Function]}
    style={
      Array [
        Object {
          "overflow": "hidden",
        },
        Array [
          Object {
            "alignItems": "center",
            "justifyContent": "center",
            "margin": 6,
            "overflow": "hidden",
          },
          Object {
            "borderRadius": 15,
            "height": 30,
            "width": 30,
          },
          undefined,
          undefined,
        ],
      ]
    }
  >
    <View>
      <Text
        accessibilityElementsHidden={true}
        allowFontScaling={false}
        importantForAccessibility="no-hide-descendants"
        pointerEvents="none"
        selectable={false}
        style={
          Array [
            Object {
              "color": "#64b5f6",
              "fontSize": 20,
            },
            Array [
              Object {
                "lineHeight": 20,
                "transform": Array [
                  Object {
                    "scaleX": 1,
                  },
                ],
              },
              Object {
                "backgroundColor": "transparent",
              },
            ],
            Object {
              "fontFamily": "material-community",
              "fontStyle": "normal",
              "fontWeight": "normal",
            },
            Object {},
          ]
        }
      >
        󰋼
      </Text>
    </View>
  </View>
  <View
    accessibilityRole="button"
    accessibilityState={
      Object {
        "disabled": undefined,
      }
    }
    accessible={true}
    focusable={true}
    hitSlop={
      Object {
        "bottom": 6,
        "left": 6,
        "right": 6,
        "top": 6,
      }
    }
    onClick={[Function]}
    onResponderGrant={[Function]}
    onResponderMove={[Function]}
    onResponderRelease={[Function]}
    onResponderTerminate={[Function]}
    onResponderTerminationRequest={[Function]}
    onStartShouldSetResponder={[Function]}
    style={
      Array [
        Object {
          "overflow": "hidden",
        },
        Array [
          Object {
            "alignItems": "center",
            "justifyContent": "center",
            "margin": 6,
            "overflow": "hidden",
          },
          Object {
            "borderRadius": 15,
            "height": 30,
            "width": 30,
          },
          undefined,
          undefined,
        ],
      ]
    }
  >
    <View>
      <Text
        accessibilityElementsHidden={true}
        allowFontScaling={false}
        importantForAccessibility="no-hide-descendants"
        pointerEvents="none"
        selectable={false}
        style={
          Array [
            Object {
              "color": "#f44336",
              "fontSize": 20,
            },
            Array [
              Object {
                "lineHeight": 20,
                "transform": Array [
                  Object {
                    "scaleX": 1,
                  },
                ],
              },
              Object {
                "backgroundColor": "transparent",
              },
            ],
            Object {
              "fontFamily": "material-community",
              "fontStyle": "normal",
              "fontWeight": "normal",
            },
            Object {},
          ]
        }
      >
        󰩺
      </Text>
    </View>
  </View>
</View>
`;
