// Jest Snapshot v1, https://goo.gl/fbAQLP

exports[`Testing Scan component Correct render of component 1`] = `
<Text>
  Requesting for camera permission
</Text>
`;
